[localhost/wordpress/index.html]
[backblue.gif]
[fade.gif]
[index.html]
[localhost/wordpress/wp-content/plugins/gtranslate/gtranslate-style247404.css]
[localhost/wordpress/wp-content/plugins/colibri-page-builder/extend-builder/assets/static/css/theme1a1f.css]
[localhost/wordpress/wp-content/themes/teluro/resources/images/header-shapes/circles.png]
[localhost/wordpress/wp-content/themes/teluro/resources/images/header-shapes/10degree-stripes.png]
[localhost/wordpress/comments/feed/index.html]
[localhost/wordpress/wp-content/themes/teluro/resources/images/header-shapes/rounded-squares-blue.png]
[localhost/wordpress/feed/index.html]
[localhost/wordpress/wp-content/themes/teluro/resources/images/header-shapes/many-rounded-squares-blue.png]
[localhost/wordpress/wp-content/themes/teluro/resources/images/header-shapes/two-circles.png]
[localhost/wordpress/wp-content/themes/teluro/resources/images/header-shapes/circles-2.png]
[localhost/wordpress/wp-content/themes/teluro/resources/images/header-shapes/circles-3.png]
[localhost/wordpress/wp-content/themes/teluro/resources/images/header-shapes/circles-gradient.png]
[localhost/wordpress/wp-content/themes/teluro/resources/images/header-shapes/circles-white-gradient.png]
[localhost/wordpress/wp-content/themes/teluro/resources/images/header-shapes/waves.png]
[localhost/wordpress/wp-content/themes/teluro/resources/images/header-shapes/waves-inverted.png]
[localhost/wordpress/wp-content/themes/teluro/resources/images/header-shapes/dots.png]
[localhost/wordpress/wp-content/themes/teluro/resources/images/header-shapes/left-tilted-lines.png]
[localhost/wordpress/wp-content/themes/teluro/resources/images/header-shapes/right-tilted-lines.png]
[localhost/wordpress/wp-content/themes/teluro/resources/images/header-shapes/right-tilted-strips.png]
[localhost/wordpress/wp-content/uploads/2022/03/logoo.png]
[localhost/wordpress/wp-content/plugins/colibri-page-builder/extend-builder/assets/static/fancybox/jquery.fancybox.min1a1f.css]
[localhost/wordpress/wp-includes/css/dist/block-library/style.min7404.css]
[unpkg.com/leaflet@1.7.1/dist/leaflet.144735.delayed]
[unpkg.com/leaflet@1.7.1/dist/leaflet.css]
[localhost/wordpress/wp-content/plugins/mappress-google-maps-for-wordpress/css/mappress3e86.css]
[localhost/wordpress/wp-content/plugins/cookie-law-info/public/css/cookie-law-info-publice1fc.css]
[localhost/wordpress/wp-content/plugins/cookie-law-info/public/css/cookie-law-info-gdpre1fc.css]
[localhost/wordpress/wp-content/plugins/templately/assets/css/editor3ba1.css]
[localhost/wordpress/wp-content/plugins/wp-store-locator/css/styles.minef3a.css]
[localhost/wordpress/wp-content/plugins/wp-google-map-plugin/assets/css/frontend7404.css]
[localhost/wordpress/wp-content/plugins/elementor/assets/lib/eicons/css/elementor-icons.mine900.css]
[localhost/wordpress/wp-content/plugins/elementor/assets/css/frontend-lite.min10cb.css]
[localhost/wordpress/wp-content/uploads/elementor/css/post-885426.css]
[localhost/wordpress/wp-content/plugins/elementor-pro/assets/css/frontend-lite.min5aed.css]
[localhost/wordpress/wp-content/uploads/elementor/css/global3096.css]
[localhost/wordpress/wp-content/uploads/elementor/css/post-67f0f.css]
[localhost/wordpress/wp-includes/js/jquery/jquery.minaf6c.js]
[localhost/wordpress/wp-includes/js/jquery/jquery-migrate.mind617.js]
[localhost/wordpress/wp-includes/js/imagesloaded.mineda1.js]
[localhost/wordpress/wp-content/plugins/colibri-page-builder/extend-builder/assets/static/colibri1a1f.js]
[localhost/wordpress/wp-includes/js/masonry.min3a05.js]
[localhost/wordpress/wp-content/plugins/colibri-page-builder/extend-builder/assets/static/typed1a1f.js]
[localhost/wordpress/wp-content/plugins/colibri-page-builder/extend-builder/assets/static/fancybox/jquery.fancybox.min1a1f.js]
[localhost/wordpress/wp-content/plugins/cookie-law-info/public/js/cookie-law-info-publice1fc.js]
[localhost/wordpress/wp-json/wp/v2/pages/6.json]
[localhost/wordpress/wp-json/index.html]
[localhost/wordpress/xmlrpc0db0.php]
[localhost/wordpress/wp-includes/wlwmanifest.xml]
[localhost/wordpress/wp-json/oembed/1.0/embed68f4.json]
[localhost/wordpress/wp-content/uploads/2022/03/logo.png]
[localhost/wordpress/wp-json/oembed/1.0/embedd248]
[localhost/wordpress/wp-content/plugins/elementor-pro/assets/css/widget-theme-elements.min.css]
[localhost/wordpress/wp-content/plugins/elementor-pro/assets/css/widget-posts.min.css]
[localhost/wordpress/wp-content/uploads/2022/05/happy-easter-bunny-pictures-300x169.jpg]
[localhost/wordpress/wp-content/uploads/2022/03/280693mare.jpg]
[localhost/wordpress/wp-content/plugins/colibri-page-builder/extend-builder/assets/static/js/theme1a1f.js]
[localhost/wordpress/wp-content/uploads/2022/03/IMG_20220223_125507_resized_20220223_024933742-225x300.jpg]
[localhost/wordpress/galerie-foto/index.html]
[localhost/wordpress/wp-content/plugins/gtranslate/flags/24/ro.png]
[localhost/wordpress/bilete-abonamente/index.html]
[localhost/wordpress/conducere/index.html]
[translate.google.com/translate_a/element7876.js]
[localhost/wordpress/norme-si-sanctiuni/index.html]
[localhost/wordpress/wp-content/plugins/elementor/assets/lib/font-awesome/css/fontawesome.min52d5.css]
[localhost/wordpress/recomandari-pentru-calatori/index.html]
[localhost/wordpress/wp-content/plugins/elementor/assets/lib/font-awesome/css/solid.min52d5.css]
[localhost/wordpress/opinii/index.html]
[localhost/wordpress/despre-noi/index.html]
[localhost/wordpress/trasee/index.html]
[localhost/wordpress/wp-content/plugins/cookie-law-info/public/css/cookie-law-info-tablee1fc.css]
[localhost/wordpress/contact/index.html]
[localhost/wordpress/wp-content/plugins/wp-google-map-plugin/assets/js/maps531b.js]
[localhost/wordpress/noutati/index.html]
[localhost/wordpress/2022/03/23/informare-eliberare-abonamente-elevi/index.html]
[localhost/wordpress/2022/05/14/program-de-circulatie-sarbatori-pascale/index.html]
[localhost/wordpress/wp-content/plugins/elementor-pro/assets/js/webpack-pro.runtime.min5aed.js]
[localhost/wordpress/2022/03/23/in-antentia-publicului-calator/index.html]
[localhost/wordpress/wp-content/plugins/elementor/assets/js/webpack.runtime.min10cb.js]
[localhost/wordpress/wp-includes/js/dist/vendor/regenerator-runtime.min3937.js]
[localhost/wordpress/wp-content/plugins/elementor/assets/js/frontend-modules.min10cb.js]
[localhost/wordpress/wp-includes/js/dist/hooks.min8cbb.js]
[localhost/wordpress/wp-includes/js/dist/vendor/wp-polyfill.min2c7c.js]
[localhost/wordpress/wp-includes/js/dist/i18n.mina28b.js]
[localhost/wordpress/wp-content/plugins/elementor-pro/assets/js/frontend.min5aed.js]
[localhost/wordpress/wp-content/plugins/elementor/assets/lib/waypoints/waypoints.min05da.js]
[localhost/wordpress/wp-includes/js/jquery/ui/core.min0028.js]
[localhost/wordpress/wp-content/plugins/elementor/assets/js/frontend.min10cb.js]
[localhost/wordpress/wp-content/plugins/elementor-pro/assets/js/elements-handlers.min5aed.js]
[localhost/wordpress/wp-includes/js/wp-util.min7404.js]
[localhost/wordpress/wp-content/plugins/wpforms/assets/js/integrations/elementor/frontend.min3e0d.js]
[localhost/wordpress/wp-includes/js/underscore.min0028.js]
[localhost/wordpress/index.html]
[localhost/wordpress/wp-content/plugins/gtranslate/24.png]
[localhost/wordpress/wp-content/plugins/gtranslate/24a.png]
[localhost/wordpress/wp-content/plugins/gtranslate/alt_flags.png]
[localhost/wordpress/wp-content/plugins/gtranslate/alt_flagsa.png]
[localhost/wordpress/wp-content/plugins/gtranslate/gtranslate-style247404.css]
[localhost/wordpress/wp-content/plugins/colibri-page-builder/extend-builder/assets/static/css/theme1a1f.css]
[localhost/wordpress/wp-content/plugins/colibri-page-builder/extend-builder/assets/static/fancybox/jquery.fancybox.min1a1f.css]
[localhost/wordpress/wp-includes/css/dist/block-library/style.min7404.css]
[unpkg.com/leaflet@1.7.1/dist/images/layers.png]
[unpkg.com/leaflet@1.7.1/dist/images/layers-2x.png]
[unpkg.com/leaflet@1.7.1/dist/images/marker-icon.png]
[unpkg.com/leaflet@1.7.1/dist/leaflet.css]
[localhost/wordpress/wp-content/plugins/mappress-google-maps-for-wordpress/images/loading.gif]
[localhost/wordpress/wp-content/plugins/mappress-google-maps-for-wordpress/images/geolocate-2x.png]
[localhost/wordpress/wp-content/plugins/mappress-google-maps-for-wordpress/images/spinner-2x.gif]
[localhost/wordpress/wp-content/plugins/mappress-google-maps-for-wordpress/images/directions.png]
[localhost/wordpress/wp-content/plugins/mappress-google-maps-for-wordpress/images/menu-2x.png]
[localhost/wordpress/wp-content/plugins/mappress-google-maps-for-wordpress/css/mappress3e86.css]
[localhost/wordpress/wp-content/plugins/cookie-law-info/public/css/cookie-law-info-publice1fc.css]
[localhost/wordpress/wp-content/plugins/cookie-law-info/public/css/cookie-law-info-gdpre1fc.css]
[localhost/wordpress/wp-content/plugins/templately/assets/css/editor3ba1.css]
[localhost/wordpress/wp-content/plugins/wp-store-locator/font/fontello8040.eot]
[localhost/wordpress/wp-content/plugins/wp-store-locator/font/fontello8040.woff]
[localhost/wordpress/wp-content/plugins/wp-store-locator/font/fontello8040.ttf]
[localhost/wordpress/wp-content/plugins/wp-store-locator/css/styles.minef3a.css]
[localhost/wordpress/wp-content/plugins/wp-google-map-plugin/assets/images/white_select_arrow.png]
[localhost/wordpress/wp-content/plugins/wp-google-map-plugin/assets/css/frontend7404.css]
[localhost/wordpress/wp-content/plugins/elementor/assets/lib/eicons/fonts/eiconsdc2c.eot]
[localhost/wordpress/wp-content/plugins/elementor/assets/lib/eicons/fonts/eiconsdc2c.woff2]
[localhost/wordpress/wp-content/plugins/elementor/assets/lib/eicons/fonts/eiconsdc2c.woff]
[localhost/wordpress/wp-content/plugins/elementor/assets/lib/eicons/fonts/eiconsdc2c.ttf]
[localhost/wordpress/wp-content/plugins/elementor/assets/lib/eicons/css/elementor-icons.mine900.css]
[localhost/wordpress/wp-content/plugins/elementor/assets/css/frontend-lite.min10cb.css]
[localhost/wordpress/wp-content/uploads/elementor/css/post-885426.css]
[localhost/wordpress/wp-content/plugins/elementor-pro/assets/css/frontend-lite.min5aed.css]
[localhost/wordpress/wp-content/uploads/elementor/css/global3096.css]
[localhost/wordpress/wp-content/uploads/elementor/css/post-67f0f.css]
[localhost/wordpress/wp-content/uploads/elementor/css/post-1020480.css]
[localhost/wordpress/wp-json/wp/v2/pages/102.json]
[localhost/wordpress/wp-json/oembed/1.0/embed450b.json]
[localhost/wordpress/wp-json/oembed/1.0/embedd18a]
[localhost/wordpress/wp-content/plugins/elementor/assets/lib/animations/animations.min10cb.css]
[localhost/wordpress/galerie-foto/index.html]
[localhost/wordpress/wp-content/uploads/essential-addons-elementor/414821f74.mine753.css]
[localhost/wordpress/wp-content/uploads/elementor/css/post-113d132.css]
[localhost/wordpress/wp-json/wp/v2/pages/113.json]
[localhost/wordpress/wp-json/oembed/1.0/embedff51.json]
[localhost/wordpress/wp-json/oembed/1.0/embedae3b]
[localhost/wordpress/wp-content/uploads/2022/03/logo-1-e1648649184734.png]
[localhost/wordpress/wp-content/uploads/essential-addons-elementor/414821f74.mine753.js]
[localhost/wordpress/bilete-abonamente/index.html]
[localhost/wordpress/wp-content/uploads/essential-addons-elementor/95ae2d5b5.min3f5a.css]
[localhost/wordpress/wp-content/uploads/elementor/css/post-170911a.css]
[localhost/wordpress/wp-json/wp/v2/pages/170.json]
[localhost/wordpress/wp-json/oembed/1.0/embede064.json]
[localhost/wordpress/wp-json/oembed/1.0/embed5b7f]
[localhost/wordpress/wp-content/uploads/2022/03/danut-matei.jpg]
[localhost/wordpress/wp-content/plugins/elementor/assets/lib/font-awesome/css/all.minc8ee.css]
[localhost/wordpress/wp-content/plugins/elementor/assets/lib/font-awesome/css/v4-shims.minc8ee.css]
[localhost/wordpress/conducere/index.html]
[localhost/wordpress/wp-content/uploads/essential-addons-elementor/95ae2d5b5.min3f5a.js]
[localhost/wordpress/wp-content/plugins/elementor/assets/lib/font-awesome/js/v4-shims.minc8ee.js]
[localhost/wordpress/wp-content/plugins/wpforms/assets/css/wpforms-full.min3e0d.css]
[localhost/wordpress/wp-content/uploads/elementor/css/post-228b4d3.css]
[localhost/wordpress/wp-json/wp/v2/pages/228.json]
[localhost/wordpress/wp-json/oembed/1.0/embed0583.json]
[localhost/wordpress/wp-content/uploads/essential-addons-elementor/734e5f942.minee25.css]
[localhost/wordpress/wp-json/oembed/1.0/embed23c1]
[apis.google.com/js/platformee25.js]
[localhost/wordpress/norme-si-sanctiuni/index.html]
[localhost/wordpress/wp-content/uploads/elementor/css/post-3862bd0.css]
[localhost/wordpress/wp-json/wp/v2/pages/386.json]
[localhost/wordpress/wp-content/uploads/essential-addons-elementor/734e5f942.min9f4d.css]
[localhost/wordpress/wp-json/oembed/1.0/embed8897.json]
[localhost/wordpress/wp-json/oembed/1.0/embedb911]
[localhost/wordpress/wp-content/plugins/elementor-pro/assets/css/widget-animated-headline.min.css]
[apis.google.com/js/platform9f4d.js]
[localhost/wordpress/recomandari-pentru-calatori/index.html]
[localhost/wordpress/wp-content/uploads/elementor/css/post-41227f8.css]
[localhost/wordpress/wp-content/plugins/elementor/assets/lib/font-awesome/css/brands.min52d5.css]
[localhost/wordpress/wp-json/wp/v2/pages/412.json]
[localhost/wordpress/wp-json/oembed/1.0/embedda38.json]
[localhost/wordpress/wp-json/oembed/1.0/embed047b]
[localhost/wordpress/wp-content/plugins/elementor-pro/assets/css/widget-carousel.min.css]
[localhost/wordpress/wp-content/plugins/elementor/assets/images/placeholder.png]
[localhost/wordpress/opinii/index.html]
[localhost/wordpress/wp-content/uploads/essential-addons-elementor/aeee718ee.minf75a.css]
[localhost/wordpress/wp-content/uploads/elementor/css/post-2890c79.css]
[localhost/wordpress/wp-json/wp/v2/pages/289.json]
[localhost/wordpress/wp-json/oembed/1.0/embed1d1d.json]
[localhost/wordpress/wp-json/oembed/1.0/embed250b]
[localhost/wordpress/wp-content/uploads/2022/04/linia1-1024x693.png]
[localhost/wordpress/wp-content/uploads/2022/04/linia2-1024x693.png]
[localhost/wordpress/wp-content/uploads/essential-addons-elementor/734e5f942.minee25.js]
[localhost/wordpress/wp-content/uploads/2022/05/tpllinia4.png]
[localhost/wordpress/wp-content/uploads/essential-addons-elementor/734e5f942.min9f4d.js]
[localhost/wordpress/wp-content/plugins/wp-google-maps/lib/ol7404.css]
[localhost/wordpress/wp-content/plugins/wp-google-maps/css/open-layers7404.css]
[localhost/wordpress/wp-content/plugins/wp-google-maps/css/font-awesome.min7404.css]
[localhost/wordpress/wp-content/plugins/wp-google-maps/css/common4d66.css]
[localhost/wordpress/wp-content/plugins/wp-google-maps/lib/remodal7404.css]
[localhost/wordpress/wp-content/plugins/wp-google-maps/lib/remodal-default-theme7404.css]
[localhost/wordpress/wp-content/plugins/wp-google-maps/css/jquery.dataTables.min7404.css]
[localhost/wordpress/wp-content/plugins/wp-google-maps/css/styles/default4d66.css]
[localhost/wordpress/wp-content/uploads/essential-addons-elementor/aeee718ee.minf75a.js]
[localhost/wordpress/wp-content/plugins/wp-google-maps/js/dataTables.responsive7404.js]
[localhost/wordpress/wp-content/plugins/wp-google-maps/js/jquery.dataTables7404.js]
[localhost/wordpress/wp-content/plugins/wp-google-maps/lib/jquery-cookie7404.js]
[localhost/wordpress/wp-content/plugins/wp-google-maps/lib/remodal7404.js]
[localhost/wordpress/wp-content/plugins/wp-google-maps/lib/text7404.js]
[localhost/wordpress/wp-content/plugins/wp-google-maps/lib/pep7404.js]
[localhost/wordpress/wp-content/plugins/wp-google-maps/lib/spectrum7404.js]
[localhost/wordpress/wp-content/plugins/wp-google-maps/wpgmza_data7404.js]
[localhost/wordpress/wp-content/plugins/wp-google-maps/lib/pako_deflate.min7404.js]
[unpkg.com/leaflet-omnivore@0.3.4/leaflet-omnivore.min.js]
[localhost/wordpress/wp-includes/js/dist/vendor/lodash.minf492.js]
[localhost/wordpress/wp-content/plugins/wp-google-maps/js/v8/wp-google-maps.min4d66.js]
[localhost/wordpress/wp-includes/js/dist/vendor/react.minbc7c.js]
[localhost/wordpress/wp-includes/js/dist/escape-html.min5c86.js]
[localhost/wordpress/wp-includes/js/dist/element.min2eb1.js]
[unpkg.com/leaflet@1.7.1/dist/leaflet.js]
[localhost/wordpress/trasee/index.html]
[localhost/wordpress/wp-content/plugins/wp-google-maps/lib/ol7404.js]
[localhost/wordpress/wp-content/plugins/mappress-google-maps-for-wordpress/build/index_mappress3e86.js]
[localhost/wordpress/wp-includes/js/dist/vendor/react-dom.minbc7c.js]
[localhost/wordpress/wp-json/wp/v2/pages/392.json]
[localhost/wordpress/wp-content/uploads/essential-addons-elementor/734e5f942.minf75a.css]
[localhost/wordpress/wp-json/oembed/1.0/embed4ba7.json]
[localhost/wordpress/wp-json/oembed/1.0/embed880b]
[localhost/wordpress/wp-content/uploads/2022/05/suceava-logo-1.jpg]
[apis.google.com/js/platformf75a.js]
[localhost/wordpress/despre-noi/index.html]
[localhost/wordpress/wp-content/uploads/essential-addons-elementor/734e5f942.minf14e.css]
[localhost/wordpress/wp-json/wp/v2/pages/398.json]
[localhost/wordpress/wp-json/oembed/1.0/embed9bba.json]
[localhost/wordpress/wp-json/oembed/1.0/embeda399]
[apis.google.com/js/platformf14e.js]
[localhost/wordpress/wp-content/plugins/wpforms/assets/js/jquery.validate.min6134.js]
[localhost/wordpress/wp-content/plugins/wpforms/assets/js/mailcheck.mincfa9.js]
[localhost/wordpress/wp-content/plugins/wpforms/assets/js/punycode.min8a54.js]
[localhost/wordpress/wp-content/plugins/wpforms/assets/js/wpforms.min3e0d.js]
[localhost/wordpress/contact/index.html]
[localhost/wordpress/wp-content/uploads/essential-addons-elementor/baa1a18c6.min47db.css]
[localhost/wordpress/wp-content/uploads/elementor/css/post-4265ee4.css]
[localhost/wordpress/wp-json/wp/v2/pages/426.json]
[localhost/wordpress/wp-json/oembed/1.0/embedc14b.json]
[localhost/wordpress/wp-json/oembed/1.0/embedf5ac]
[localhost/wordpress/noutati/index.html]
[localhost/wordpress/wp-content/uploads/essential-addons-elementor/baa1a18c6.min47db.js]
[localhost/wordpress/wp-login.html]
[localhost/wordpress/login/index.html]
[localhost/wordpress/wp-content/plugins/elementor-pro/assets/css/widget-theme-elements.min.css]
[localhost/wordpress/wp-content/plugins/elementor-pro/assets/css/widget-posts.min.css]
[localhost/wordpress/2022/05/14/program-de-circulatie-sarbatori-pascale/feed/index.html]
[localhost/wordpress/wp-content/uploads/elementor/css/post-431b60e.css]
[localhost/wordpress/wp-json/wp/v2/posts/431.json]
[localhost/wordpress/wp-content/uploads/essential-addons-elementor/734e5f942.min718b.css]
[localhost/wordpress/wp-json/oembed/1.0/embed5bea.json]
[localhost/wordpress/wp-content/uploads/2022/05/happy-easter-bunny-pictures.jpg]
[localhost/wordpress/wp-json/oembed/1.0/embed12f1]
[localhost/wordpress/category/uncategorized/index.html]
[apis.google.com/js/platform718b.js]
[localhost/wordpress/author/ateam/index.html]
[localhost/wordpress/wp-content/uploads/essential-addons-elementor/734e5f942.minf75a.js]
[localhost/wordpress/wp-includes/js/comment-reply.min7404.js]
[localhost/wordpress/2022/05/14/program-de-circulatie-sarbatori-pascale/index.html]
[localhost/wordpress/wp-json/wp/v2/posts/98.json]
[localhost/wordpress/2022/03/23/informare-eliberare-abonamente-elevi/feed/index.html]
[localhost/wordpress/wp-json/oembed/1.0/embedc0b0.json]
[localhost/wordpress/wp-json/oembed/1.0/embed48a8]
[localhost/wordpress/2022/03/23/informare-eliberare-abonamente-elevi/index.html]
[localhost/wordpress/2022/03/23/in-antentia-publicului-calator/feed/index.html]
[localhost/wordpress/wp-json/wp/v2/posts/95.json]
[localhost/wordpress/wp-content/uploads/essential-addons-elementor/734e5f942.min2a90.css]
[localhost/wordpress/wp-content/uploads/essential-addons-elementor/734e5f942.minf14e.js]
[localhost/wordpress/wp-json/oembed/1.0/embedb0fa.json]
[localhost/wordpress/wp-json/oembed/1.0/embed6d5d]
[localhost/wordpress/wp-content/uploads/2022/03/IMG_20220223_125507_resized_20220223_024933742.jpg]
[apis.google.com/js/platform2a90.js]
[localhost/wordpress/2022/03/23/in-antentia-publicului-calator/index.html]
[localhost/wordpress/wp-content/plugins/elementor/assets/lib/font-awesome/css/fontawesome.min52d5.css]
[localhost/wordpress/wp-content/plugins/elementor/assets/lib/font-awesome/webfonts/fa-solid-900.eot]
[localhost/wordpress/wp-content/uploads/essential-addons-elementor/734e5f942.min718b.js]
[localhost/wordpress/wp-content/plugins/elementor/assets/lib/font-awesome/webfonts/fa-solid-900.woff2]
[localhost/wordpress/wp-content/plugins/elementor/assets/lib/font-awesome/webfonts/fa-solid-900d41d.eot]
[localhost/wordpress/wp-content/plugins/elementor/assets/lib/font-awesome/webfonts/fa-solid-900.woff]
[localhost/wordpress/wp-content/plugins/elementor/assets/lib/font-awesome/webfonts/fa-solid-900.ttf]
[localhost/wordpress/wp-content/plugins/elementor/assets/lib/font-awesome/css/solid.min52d5.css]
[localhost/wordpress/wp-content/plugins/cookie-law-info/images/td_back.gif]
[localhost/wordpress/wp-content/plugins/cookie-law-info/public/css/cookie-law-info-tablee1fc.css]
[localhost/wordpress/wp-content/plugins/templately/assets/images/logo-icon.svg]
[localhost/wordpress/wp-content/plugins/wp-store-locator/font/fontello8040.svg]
[localhost/wordpress/wp-content/plugins/elementor/assets/lib/eicons/fonts/eiconsdc2c.svg]
[localhost/wordpress/wp-content/uploads/2022/05/mercedes.jpg]
[localhost/wordpress/wp-content/uploads/elementor/css/post-1020480.css]
[localhost/wordpress/indexc5eb.html]
[localhost/wordpress/galerie-foto/_https_/static.colibriwp.com/assets/sources/colibri-demo-video-cover.html]
[localhost/wordpress/wp-content/plugins/elementor/assets/lib/animations/animations.min10cb.css]
[localhost/wordpress/wp-content/uploads/essential-addons-elementor/414821f74.mine753.css]
[localhost/wordpress/wp-content/uploads/elementor/css/post-113d132.css]
[localhost/wordpress/index3961.html]
[localhost/wordpress/bilete-abonamente/_https_/static.colibriwp.com/assets/sources/colibri-demo-video-cover.html]
[localhost/wordpress/wp-content/uploads/essential-addons-elementor/95ae2d5b5.min3f5a.css]
[localhost/wordpress/wp-content/uploads/elementor/css/post-170911a.css]
[localhost/wordpress/index5e74.html]
[localhost/wordpress/conducere/_https_/static.colibriwp.com/assets/sources/colibri-demo-video-cover.html]
[localhost/wordpress/wp-content/plugins/elementor/assets/lib/font-awesome/webfonts/fa-brands-400.eot]
[localhost/wordpress/wp-content/uploads/essential-addons-elementor/734e5f942.min2a90.js]
[localhost/wordpress/wp-content/plugins/elementor/assets/lib/font-awesome/webfonts/fa-brands-400.woff2]
[localhost/wordpress/wp-content/plugins/elementor/assets/lib/font-awesome/webfonts/fa-brands-400d41d.eot]
[localhost/wordpress/wp-content/plugins/elementor/assets/lib/font-awesome/webfonts/fa-brands-400.woff]
[localhost/wordpress/wp-content/plugins/elementor/assets/lib/font-awesome/webfonts/fa-brands-400.ttf]
[localhost/wordpress/wp-content/plugins/elementor/assets/lib/font-awesome/webfonts/fa-regular-400.eot]
[localhost/wordpress/wp-content/plugins/elementor/assets/lib/font-awesome/webfonts/fa-regular-400.woff2]
[localhost/wordpress/wp-content/plugins/elementor/assets/lib/font-awesome/webfonts/fa-regular-400d41d.eot]
[localhost/wordpress/wp-content/plugins/elementor/assets/lib/font-awesome/webfonts/fa-regular-400.woff]
[localhost/wordpress/wp-content/plugins/elementor/assets/lib/font-awesome/webfonts/fa-regular-400.ttf]
[localhost/wordpress/wp-content/plugins/elementor/assets/lib/font-awesome/css/all.minc8ee.css]
[localhost/wordpress/wp-content/plugins/elementor/assets/lib/font-awesome/css/v4-shims.minc8ee.css]
[localhost/wordpress/wp-content/plugins/wpforms/assets/css/wpforms-full.min3e0d.css]
[localhost/wordpress/wp-content/uploads/essential-addons-elementor/734e5f942.minee25.css]
[localhost/wordpress/wp-content/uploads/elementor/css/post-228b4d3.css]
[localhost/wordpress/index6eea.html]
[localhost/wordpress/norme-si-sanctiuni/_https_/static.colibriwp.com/assets/sources/colibri-demo-video-cover.html]
[localhost/wordpress/wp-content/uploads/essential-addons-elementor/734e5f942.min9f4d.css]
[localhost/wordpress/wp-content/uploads/elementor/css/post-3862bd0.css]
[localhost/wordpress/index2023.html]
[localhost/wordpress/recomandari-pentru-calatori/_https_/static.colibriwp.com/assets/sources/colibri-demo-video-cover.html]
[localhost/wordpress/wp-content/plugins/elementor-pro/assets/css/widget-animated-headline.min.css]
[localhost/wordpress/wp-content/uploads/elementor/css/post-41227f8.css]
[localhost/wordpress/wp-content/plugins/elementor/assets/lib/font-awesome/css/brands.min52d5.css]
[localhost/wordpress/index5604.html]
[localhost/wordpress/opinii/_https_/static.colibriwp.com/assets/sources/colibri-demo-video-cover.html]
[localhost/wordpress/wp-content/plugins/elementor-pro/assets/css/widget-carousel.min.css]
[localhost/wordpress/wp-content/uploads/essential-addons-elementor/aeee718ee.minf75a.css]
[localhost/wordpress/wp-content/uploads/elementor/css/post-2890c79.css]
[localhost/wordpress/index8902.html]
[localhost/wordpress/trasee/_https_/static.colibriwp.com/assets/sources/colibri-demo-video-cover.html]
[localhost/images/outline_format_list_bulleted_black_18dp.html]
[localhost/images/outline_map_black_18dp.html]
[localhost/wordpress/wp-content/plugins/wp-google-maps/lib/ol7404.css]
[localhost/wordpress/wp-content/plugins/wp-google-maps/css/open-layers7404.css]
[localhost/wordpress/wp-content/plugins/wp-google-maps/fonts/fontawesome-webfont3e6e.eot]
[localhost/wordpress/wp-content/plugins/wp-google-maps/fonts/fontawesome-webfontd41d.eot]
[localhost/wordpress/wp-content/plugins/wp-google-maps/fonts/fontawesome-webfont3e6e.woff2]
[localhost/wordpress/wp-content/plugins/wp-google-maps/fonts/fontawesome-webfont3e6e.woff]
[localhost/wordpress/wp-content/plugins/wp-google-maps/fonts/fontawesome-webfont3e6e.ttf]
[localhost/wordpress/wp-content/plugins/wp-google-maps/css/font-awesome.min7404.css]
[localhost/wordpress/wp-content/plugins/wp-google-maps/css/common4d66.css]
[localhost/wordpress/wp-content/plugins/wp-google-maps/lib/remodal7404.css]
[localhost/wordpress/wp-content/plugins/wp-google-maps/lib/remodal-default-theme7404.css]
[localhost/wordpress/wp-content/plugins/wp-google-maps/images/sort_both.png]
[localhost/wordpress/wp-content/plugins/wp-google-maps/images/sort_asc.png]
[localhost/wordpress/wp-content/plugins/wp-google-maps/images/sort_desc.png]
[localhost/wordpress/wp-content/plugins/wp-google-maps/images/sort_asc_disabled.png]
[localhost/wordpress/wp-content/plugins/wp-google-maps/images/sort_desc_disabled.png]
[localhost/wordpress/wp-content/plugins/wp-google-maps/css/jquery.dataTables.min7404.css]
[localhost/wordpress/wp-content/plugins/wp-google-maps/css/styles/default4d66.css]
[localhost/wordpress/wp-content/uploads/essential-addons-elementor/734e5f942.minf75a.css]
[localhost/wordpress/indexead8.html]
[localhost/wordpress/despre-noi/_https_/static.colibriwp.com/assets/sources/colibri-demo-video-cover.html]
[localhost/wordpress/wp-content/uploads/essential-addons-elementor/734e5f942.minf14e.css]
[localhost/wordpress/index9d24.html]
[localhost/wordpress/contact/_https_/static.colibriwp.com/assets/sources/colibri-demo-video-cover.html]
[localhost/wordpress/wp-content/uploads/essential-addons-elementor/baa1a18c6.min47db.css]
[localhost/wordpress/wp-content/uploads/elementor/css/post-4265ee4.css]
[localhost/wordpress/index2202.html]
[localhost/wordpress/noutati/_https_/static.colibriwp.com/assets/sources/colibri-demo-video-cover.html]
[localhost/wordpress/wp-includes/css/dashicons.min7404.css]
[localhost/wordpress/wp-includes/css/buttons.min7404.css]
[localhost/wordpress/wp-admin/css/forms.min7404.css]
[localhost/wordpress/wp-admin/css/l10n.min7404.css]
[localhost/wordpress/wp-admin/css/login.min7404.css]
[localhost/wordpress/wp-loginc2b6.html]
[localhost/wordpress/wp-includes/js/zxcvbn-async.min5152.js]
[localhost/wordpress/wp-admin/js/password-strength-meter.min7404.js]
[localhost/wordpress/wp-login.html]
[localhost/wordpress/wp-admin/js/user-profile.min7404.js]
[localhost/wordpress/wp-content/uploads/essential-addons-elementor/734e5f942.min718b.css]
[localhost/wordpress/wp-content/uploads/elementor/css/post-431b60e.css]
[localhost/wordpress/index88c3.html]
[localhost/wordpress/2022/05/14/program-de-circulatie-sarbatori-pascale/_https_/static.colibriwp.com/assets/sources/colibri-demo-video-cover.html]
[localhost/wordpress/wp-json/wp/v2/categories/1.json]
[localhost/wordpress/category/uncategorized/feed/index.html]
[localhost/wordpress/wp-content/uploads/essential-addons-elementor/734e5f942.min61b6.css]
[apis.google.com/js/platform61b6.js]
[localhost/wordpress/category/uncategorized/index.html]
[localhost/wordpress/wp-json/wp/v2/users/1.json]
[localhost/wordpress/author/ateam/feed/index.html]
[localhost/wordpress/wp-content/uploads/essential-addons-elementor/734e5f942.minad37.css]
[apis.google.com/js/platformad37.js]
[localhost/wordpress/author/ateam/index.html]
[localhost/wordpress/indexb6ad.html]
[localhost/wordpress/2022/03/23/informare-eliberare-abonamente-elevi/_https_/static.colibriwp.com/assets/sources/colibri-demo-video-cover.html]
[localhost/wordpress/wp-content/uploads/essential-addons-elementor/734e5f942.min2a90.css]
[localhost/wordpress/index5eda.html]
[localhost/wordpress/2022/03/23/in-antentia-publicului-calator/_https_/static.colibriwp.com/assets/sources/colibri-demo-video-cover.html]
[localhost/wordpress/wp-content/plugins/elementor/assets/lib/font-awesome/webfonts/fa-solid-900.svg]
[localhost/wordpress/wp-content/plugins/elementor/assets/lib/font-awesome/webfonts/fa-brands-400.svg]
[localhost/wordpress/wp-content/plugins/elementor/assets/lib/font-awesome/webfonts/fa-regular-400.svg]
[localhost/wordpress/wp-content/plugins/wpforms/assets/images/times-solid-white.svg]
[localhost/wordpress/wp-content/uploads/img/bg.html]
[localhost/wordpress/wp-content/plugins/wp-google-maps/fonts/fontawesome-webfont3e6e.svg]
[localhost/wordpress/wp-includes/fonts/dashicons7d4b.eot]
[localhost/wordpress/wp-includes/fonts/dashicons7d4b.ttf]
[localhost/wordpress/wp-includes/css/dashicons.min7404.css]
[localhost/wordpress/wp-includes/css/buttons.min7404.css]
[localhost/wordpress/wp-admin/images/loading.gif]
[localhost/wordpress/wp-admin/css/forms.min7404.css]
[localhost/wordpress/wp-admin/css/l10n.min7404.css]
[localhost/wordpress/wp-admin/images/w-logo-blue7a53.png]
[localhost/wordpress/wp-admin/css/login.min7404.css]
[localhost/wordpress/wp-loginc2b6.html]
[localhost/wordpress/wp-content/uploads/essential-addons-elementor/734e5f942.min61b6.css]
[localhost/wordpress/category/uncategorized/_https_/static.colibriwp.com/assets/sources/colibri-demo-video-cover.html]
[localhost/wordpress/wp-content/uploads/essential-addons-elementor/734e5f942.min61b6.js]
[localhost/wordpress/wp-content/uploads/essential-addons-elementor/734e5f942.minad37.css]
[localhost/wordpress/author/ateam/_https_/static.colibriwp.com/assets/sources/colibri-demo-video-cover.html]
[localhost/wordpress/wp-content/uploads/essential-addons-elementor/734e5f942.minad37.js]
[localhost/wordpress/wp-admin/images/wordpress-logo7d6b.svg]
